2026-04-02 20:13:23,674 [INFO] contentradar.main: ContentRadar scraper started at 2026-04-02T17:13:23.674640+00:00
2026-04-02 20:13:23,674 [INFO] contentradar.main: DRY RUN mode — results will NOT be written to DB
2026-04-02 20:13:23,674 [INFO] contentradar.main: Platforms to process: ['tiktok']
2026-04-02 20:13:23,674 [INFO] contentradar.main: === Platform: TIKTOK ===
2026-04-02 20:13:23,709 [ERROR] scraper.db: DB error loading videos for platform 'tiktok': connection to server at "localhost" (::1), port 5432 failed: server does not support SSL, but SSL was required

2026-04-02 20:13:23,709 [ERROR] contentradar.main: Cannot load videos for platform 'tiktok': connection to server at "localhost" (::1), port 5432 failed: server does not support SSL, but SSL was required

2026-04-02 20:13:23,709 [INFO] contentradar.main: 
2026-04-02 20:13:23,709 [INFO] contentradar.main: ============================================================
2026-04-02 20:13:23,709 [INFO] contentradar.main: SCRAPING SUMMARY [DRY RUN]
2026-04-02 20:13:23,709 [INFO] contentradar.main: ============================================================
2026-04-02 20:13:23,709 [INFO] contentradar.main: Platform           Total  Success   Errors   Time (s)
2026-04-02 20:13:23,709 [INFO] contentradar.main: ------------------------------------------------------------
2026-04-02 20:13:23,709 [INFO] contentradar.main: tiktok                 0        0        1        0.0
2026-04-02 20:13:23,709 [INFO] contentradar.main: ------------------------------------------------------------
2026-04-02 20:13:23,709 [INFO] contentradar.main: TOTAL                  0        0        1        0.0
2026-04-02 20:13:23,709 [INFO] contentradar.main: ============================================================
2026-04-02 20:13:23,709 [INFO] contentradar.main: Scraper finished. Total time: 0.0s
2026-04-02 20:13:45,546 [INFO] contentradar.main: ContentRadar scraper started at 2026-04-02T17:13:45.546418+00:00
2026-04-02 20:13:45,546 [INFO] contentradar.main: DRY RUN mode — results will NOT be written to DB
2026-04-02 20:13:45,546 [INFO] contentradar.main: Platforms to process: ['tiktok']
2026-04-02 20:13:45,546 [INFO] contentradar.main: === Platform: TIKTOK ===
2026-04-02 20:13:45,586 [INFO] contentradar.main: Found 34 videos for platform 'tiktok'
2026-04-02 20:13:45,586 [INFO] scraper.scrapers.base: Starting scrape for platform 'tiktok': 34 videos
2026-04-02 20:13:49,470 [INFO] scraper.scrapers.tiktok: tiktok video_id=aaf30b84-433e-466b-9357-49b1b901981c yt-dlp failed, trying HTTP fallback
2026-04-02 20:13:53,020 [WARNING] scraper.scrapers.tiktok: tiktok video_id=aaf30b84-433e-466b-9357-49b1b901981c all methods failed
2026-04-02 20:13:53,020 [WARNING] scraper.scrapers.base: [1/34] platform=tiktok video_id=aaf30b84-433e-466b-9357-49b1b901981c url=https://tiktok.com/polina_week_1_tiktok — failed or invalid metric
2026-04-02 20:13:57,306 [INFO] scraper.scrapers.tiktok: tiktok video_id=a19a3208-7f80-492d-9225-8927a1c8369e yt-dlp failed, trying HTTP fallback
2026-04-02 20:13:58,021 [WARNING] scraper.scrapers.tiktok: tiktok video_id=a19a3208-7f80-492d-9225-8927a1c8369e all methods failed
2026-04-02 20:13:58,022 [WARNING] scraper.scrapers.base: [2/34] platform=tiktok video_id=a19a3208-7f80-492d-9225-8927a1c8369e url=https://tiktok.com/polina_week_2_tiktok — failed or invalid metric
2026-04-02 20:14:01,489 [INFO] scraper.scrapers.tiktok: tiktok video_id=2f570027-036f-43eb-a2d0-0cf877fc2290 yt-dlp failed, trying HTTP fallback
2026-04-02 20:14:02,186 [WARNING] scraper.scrapers.tiktok: tiktok video_id=2f570027-036f-43eb-a2d0-0cf877fc2290 all methods failed
2026-04-02 20:14:02,186 [WARNING] scraper.scrapers.base: [3/34] platform=tiktok video_id=2f570027-036f-43eb-a2d0-0cf877fc2290 url=https://tiktok.com/polina_week_3_tiktok — failed or invalid metric
2026-04-02 20:14:06,314 [INFO] scraper.scrapers.tiktok: tiktok video_id=ac263d1d-d966-4b48-9a9f-577273537a78 yt-dlp failed, trying HTTP fallback
2026-04-02 20:14:07,855 [WARNING] scraper.scrapers.tiktok: tiktok video_id=ac263d1d-d966-4b48-9a9f-577273537a78 all methods failed
2026-04-02 20:14:07,855 [WARNING] scraper.scrapers.base: [4/34] platform=tiktok video_id=ac263d1d-d966-4b48-9a9f-577273537a78 url=https://tiktok.com/polina_week_4_tiktok — failed or invalid metric
2026-04-02 20:14:11,937 [INFO] scraper.scrapers.tiktok: tiktok video_id=71b6c90c-26f2-4125-ae27-10390b4c1cb1 yt-dlp failed, trying HTTP fallback
2026-04-02 20:14:12,830 [WARNING] scraper.scrapers.tiktok: tiktok video_id=71b6c90c-26f2-4125-ae27-10390b4c1cb1 all methods failed
2026-04-02 20:14:12,830 [WARNING] scraper.scrapers.base: [5/34] platform=tiktok video_id=71b6c90c-26f2-4125-ae27-10390b4c1cb1 url=https://tiktok.com/polina_week_5_tiktok — failed or invalid metric
2026-04-02 20:14:18,317 [INFO] scraper.scrapers.tiktok: tiktok video_id=57c998b0-2c87-4e6e-a523-7fd1cbf1b5c4 yt-dlp failed, trying HTTP fallback
2026-04-02 20:14:20,656 [WARNING] scraper.scrapers.tiktok: tiktok video_id=57c998b0-2c87-4e6e-a523-7fd1cbf1b5c4 all methods failed
2026-04-02 20:14:20,656 [WARNING] scraper.scrapers.base: [6/34] platform=tiktok video_id=57c998b0-2c87-4e6e-a523-7fd1cbf1b5c4 url=https://tiktok.com/polina_week_6_tiktok — failed or invalid metric
2026-04-02 20:14:24,713 [INFO] scraper.scrapers.tiktok: tiktok video_id=f32d5d80-de0c-44aa-81cb-708ea76c0357 yt-dlp failed, trying HTTP fallback
2026-04-02 20:14:25,365 [WARNING] scraper.scrapers.tiktok: tiktok video_id=f32d5d80-de0c-44aa-81cb-708ea76c0357 all methods failed
2026-04-02 20:14:25,366 [WARNING] scraper.scrapers.base: [7/34] platform=tiktok video_id=f32d5d80-de0c-44aa-81cb-708ea76c0357 url=https://tiktok.com/polina_week_7_tiktok — failed or invalid metric
2026-04-02 20:14:28,962 [INFO] scraper.scrapers.tiktok: tiktok video_id=f554dd80-9c93-4d22-9cf8-569dd0ad7df1 yt-dlp failed, trying HTTP fallback
2026-04-02 20:14:29,531 [WARNING] scraper.scrapers.tiktok: tiktok video_id=f554dd80-9c93-4d22-9cf8-569dd0ad7df1 all methods failed
2026-04-02 20:14:29,531 [WARNING] scraper.scrapers.base: [8/34] platform=tiktok video_id=f554dd80-9c93-4d22-9cf8-569dd0ad7df1 url=https://tiktok.com/polina_week_8_tiktok — failed or invalid metric
2026-04-02 20:14:34,032 [INFO] scraper.scrapers.tiktok: tiktok video_id=c2d2a6d4-4cec-4adb-8aa0-c34aa7b14022 yt-dlp failed, trying HTTP fallback
2026-04-02 20:14:35,368 [WARNING] scraper.scrapers.tiktok: tiktok video_id=c2d2a6d4-4cec-4adb-8aa0-c34aa7b14022 all methods failed
2026-04-02 20:14:35,368 [WARNING] scraper.scrapers.base: [9/34] platform=tiktok video_id=c2d2a6d4-4cec-4adb-8aa0-c34aa7b14022 url=https://tiktok.com/polina_week_9_tiktok — failed or invalid metric
2026-04-02 20:14:38,954 [INFO] scraper.scrapers.tiktok: tiktok video_id=45d856c0-3a9a-44cf-8ec6-ffd16bbba6c6 yt-dlp failed, trying HTTP fallback
2026-04-02 20:14:41,074 [WARNING] scraper.scrapers.tiktok: tiktok video_id=45d856c0-3a9a-44cf-8ec6-ffd16bbba6c6 all methods failed
2026-04-02 20:14:41,074 [WARNING] scraper.scrapers.base: [10/34] platform=tiktok video_id=45d856c0-3a9a-44cf-8ec6-ffd16bbba6c6 url=https://tiktok.com/polina_week_10_tiktok — failed or invalid metric
2026-04-02 20:14:44,657 [INFO] scraper.scrapers.tiktok: tiktok video_id=72d4e13d-2a0d-422b-bc6d-d4fbe9fd4069 yt-dlp failed, trying HTTP fallback
2026-04-02 20:14:45,890 [WARNING] scraper.scrapers.tiktok: tiktok video_id=72d4e13d-2a0d-422b-bc6d-d4fbe9fd4069 all methods failed
2026-04-02 20:14:45,891 [WARNING] scraper.scrapers.base: [11/34] platform=tiktok video_id=72d4e13d-2a0d-422b-bc6d-d4fbe9fd4069 url=https://tiktok.com/polina_week_11_tiktok — failed or invalid metric
2026-04-02 20:14:49,836 [INFO] scraper.scrapers.tiktok: tiktok video_id=0c1bb3f3-3e98-45bc-9ee2-1c86ec1c4c59 yt-dlp failed, trying HTTP fallback
2026-04-02 20:14:51,003 [WARNING] scraper.scrapers.tiktok: tiktok video_id=0c1bb3f3-3e98-45bc-9ee2-1c86ec1c4c59 all methods failed
2026-04-02 20:14:51,003 [WARNING] scraper.scrapers.base: [12/34] platform=tiktok video_id=0c1bb3f3-3e98-45bc-9ee2-1c86ec1c4c59 url=https://tiktok.com/polina_week_12_tiktok — failed or invalid metric
2026-04-02 20:14:59,882 [INFO] scraper.scrapers.tiktok: tiktok video_id=493b0f35-2328-4d63-bdad-fe9cced47c21 yt-dlp failed, trying HTTP fallback
2026-04-02 20:15:03,956 [WARNING] scraper.scrapers.tiktok: tiktok video_id=493b0f35-2328-4d63-bdad-fe9cced47c21 all methods failed
2026-04-02 20:15:03,956 [WARNING] scraper.scrapers.base: [13/34] platform=tiktok video_id=493b0f35-2328-4d63-bdad-fe9cced47c21 url=https://tiktok.com/polina_week_13_tiktok — failed or invalid metric
2026-04-02 20:15:07,199 [INFO] scraper.scrapers.tiktok: tiktok video_id=37c52fc4-013c-4f65-aa47-6d1e16f9b363 yt-dlp failed, trying HTTP fallback
2026-04-02 20:15:07,937 [WARNING] scraper.scrapers.tiktok: tiktok video_id=37c52fc4-013c-4f65-aa47-6d1e16f9b363 all methods failed
2026-04-02 20:15:07,938 [WARNING] scraper.scrapers.base: [14/34] platform=tiktok video_id=37c52fc4-013c-4f65-aa47-6d1e16f9b363 url=https://tiktok.com/polina_week_14_tiktok — failed or invalid metric
2026-04-02 20:15:26,952 [INFO] scraper.scrapers.tiktok: tiktok video_id=4ed8af98-f287-4917-bf30-3fee12f686ed yt-dlp failed, trying HTTP fallback
2026-04-02 20:15:27,899 [WARNING] scraper.scrapers.tiktok: tiktok video_id=4ed8af98-f287-4917-bf30-3fee12f686ed all methods failed
2026-04-02 20:15:27,899 [WARNING] scraper.scrapers.base: [15/34] platform=tiktok video_id=4ed8af98-f287-4917-bf30-3fee12f686ed url=https://tiktok.com/polina_week_15_tiktok — failed or invalid metric
2026-04-02 20:15:33,796 [INFO] scraper.scrapers.tiktok: tiktok video_id=ec81aa68-37ab-461a-9332-f396ee52ccf9 yt-dlp failed, trying HTTP fallback
2026-04-02 20:15:36,248 [WARNING] scraper.scrapers.tiktok: tiktok video_id=ec81aa68-37ab-461a-9332-f396ee52ccf9 all methods failed
2026-04-02 20:15:36,248 [WARNING] scraper.scrapers.base: [16/34] platform=tiktok video_id=ec81aa68-37ab-461a-9332-f396ee52ccf9 url=https://tiktok.com/polina_week_16_tiktok — failed or invalid metric
2026-04-02 20:15:41,690 [INFO] scraper.scrapers.tiktok: tiktok video_id=e2b7464a-e560-4430-b07c-69947bbca45a yt-dlp failed, trying HTTP fallback
2026-04-02 20:15:42,665 [WARNING] scraper.scrapers.tiktok: tiktok video_id=e2b7464a-e560-4430-b07c-69947bbca45a all methods failed
2026-04-02 20:15:42,666 [WARNING] scraper.scrapers.base: [17/34] platform=tiktok video_id=e2b7464a-e560-4430-b07c-69947bbca45a url=https://tiktok.com/polina_week_17_tiktok — failed or invalid metric
2026-04-02 20:15:46,770 [INFO] scraper.scrapers.tiktok: tiktok video_id=586817d1-9454-47ad-a1ff-f9e4732670ce yt-dlp failed, trying HTTP fallback
2026-04-02 20:15:47,869 [WARNING] scraper.scrapers.tiktok: tiktok video_id=586817d1-9454-47ad-a1ff-f9e4732670ce all methods failed
2026-04-02 20:15:47,869 [WARNING] scraper.scrapers.base: [18/34] platform=tiktok video_id=586817d1-9454-47ad-a1ff-f9e4732670ce url=https://tiktok.com/polina_week_18_tiktok — failed or invalid metric
2026-04-02 20:15:53,165 [INFO] scraper.scrapers.tiktok: tiktok video_id=7420564f-101d-4506-b3f7-b06f093c412b yt-dlp failed, trying HTTP fallback
2026-04-02 20:15:55,070 [WARNING] scraper.scrapers.tiktok: tiktok video_id=7420564f-101d-4506-b3f7-b06f093c412b all methods failed
2026-04-02 20:15:55,071 [WARNING] scraper.scrapers.base: [19/34] platform=tiktok video_id=7420564f-101d-4506-b3f7-b06f093c412b url=https://tiktok.com/polina_week_19_tiktok — failed or invalid metric
2026-04-02 20:15:58,505 [INFO] scraper.scrapers.tiktok: tiktok video_id=ce084cf6-1b21-4e70-b4f0-88072b99da8a yt-dlp failed, trying HTTP fallback
2026-04-02 20:15:59,757 [WARNING] scraper.scrapers.tiktok: tiktok video_id=ce084cf6-1b21-4e70-b4f0-88072b99da8a all methods failed
2026-04-02 20:15:59,757 [WARNING] scraper.scrapers.base: [20/34] platform=tiktok video_id=ce084cf6-1b21-4e70-b4f0-88072b99da8a url=https://tiktok.com/polina_week_20_tiktok — failed or invalid metric
2026-04-02 20:16:04,227 [INFO] scraper.scrapers.tiktok: tiktok video_id=4a08dd4a-fcd7-4feb-aab0-147d125008fe yt-dlp failed, trying HTTP fallback
2026-04-02 20:16:05,379 [WARNING] scraper.scrapers.tiktok: tiktok video_id=4a08dd4a-fcd7-4feb-aab0-147d125008fe all methods failed
2026-04-02 20:16:05,379 [WARNING] scraper.scrapers.base: [21/34] platform=tiktok video_id=4a08dd4a-fcd7-4feb-aab0-147d125008fe url=https://tiktok.com/polina_week_21_tiktok — failed or invalid metric
2026-04-02 20:16:10,764 [INFO] scraper.scrapers.tiktok: tiktok video_id=3da58ac6-f03e-4597-9d7b-ac0e763a946b yt-dlp failed, trying HTTP fallback
2026-04-02 20:16:14,172 [WARNING] scraper.scrapers.tiktok: tiktok video_id=3da58ac6-f03e-4597-9d7b-ac0e763a946b all methods failed
2026-04-02 20:16:14,172 [WARNING] scraper.scrapers.base: [22/34] platform=tiktok video_id=3da58ac6-f03e-4597-9d7b-ac0e763a946b url=https://tiktok.com/polina_week_22_tiktok — failed or invalid metric
2026-04-02 20:16:19,483 [INFO] scraper.scrapers.tiktok: tiktok video_id=5b04452a-c9ce-4b1d-b203-f19c063a28fa yt-dlp failed, trying HTTP fallback
2026-04-02 20:16:20,488 [WARNING] scraper.scrapers.tiktok: tiktok video_id=5b04452a-c9ce-4b1d-b203-f19c063a28fa all methods failed
2026-04-02 20:16:20,488 [WARNING] scraper.scrapers.base: [23/34] platform=tiktok video_id=5b04452a-c9ce-4b1d-b203-f19c063a28fa url=https://tiktok.com/polina_week_23_tiktok — failed or invalid metric
2026-04-02 20:16:25,509 [INFO] scraper.scrapers.tiktok: tiktok video_id=38cfb186-1c76-4cd1-bf6f-10569e42efb5 yt-dlp failed, trying HTTP fallback
2026-04-02 20:16:26,652 [WARNING] scraper.scrapers.tiktok: tiktok video_id=38cfb186-1c76-4cd1-bf6f-10569e42efb5 all methods failed
2026-04-02 20:16:26,652 [WARNING] scraper.scrapers.base: [24/34] platform=tiktok video_id=38cfb186-1c76-4cd1-bf6f-10569e42efb5 url=https://tiktok.com/katyae_368387486 — failed or invalid metric
2026-04-02 20:16:32,654 [INFO] scraper.scrapers.tiktok: tiktok video_id=0f0f70e5-6f0b-4e5c-84c3-93d85819d31b yt-dlp failed, trying HTTP fallback
2026-04-02 20:16:36,967 [WARNING] scraper.scrapers.tiktok: tiktok video_id=0f0f70e5-6f0b-4e5c-84c3-93d85819d31b all methods failed
2026-04-02 20:16:36,967 [WARNING] scraper.scrapers.base: [25/34] platform=tiktok video_id=0f0f70e5-6f0b-4e5c-84c3-93d85819d31b url=https://tiktok.com/katyae_248332917 — failed or invalid metric
2026-04-02 20:16:46,986 [INFO] scraper.scrapers.tiktok: tiktok video_id=c78bf288-fbfa-49cf-9873-ce3245b52567 yt-dlp failed, trying HTTP fallback
2026-04-02 20:16:47,974 [WARNING] scraper.scrapers.tiktok: tiktok video_id=c78bf288-fbfa-49cf-9873-ce3245b52567 all methods failed
2026-04-02 20:16:47,974 [WARNING] scraper.scrapers.base: [26/34] platform=tiktok video_id=c78bf288-fbfa-49cf-9873-ce3245b52567 url=https://tiktok.com/katyae_367665209 — failed or invalid metric
2026-04-02 20:16:52,148 [INFO] scraper.scrapers.tiktok: tiktok video_id=b8cdcc25-150a-402c-aece-40c323725865 yt-dlp failed, trying HTTP fallback
2026-04-02 20:16:53,243 [WARNING] scraper.scrapers.tiktok: tiktok video_id=b8cdcc25-150a-402c-aece-40c323725865 all methods failed
2026-04-02 20:16:53,243 [WARNING] scraper.scrapers.base: [27/34] platform=tiktok video_id=b8cdcc25-150a-402c-aece-40c323725865 url=https://tiktok.com/katyae_215440193 — failed or invalid metric
2026-04-02 20:17:17,297 [INFO] scraper.scrapers.tiktok: tiktok video_id=b20d3b12-6454-4971-acbf-5602e62f4c65 yt-dlp failed, trying HTTP fallback
2026-04-02 20:17:31,892 [WARNING] scraper.scrapers.tiktok: tiktok video_id=b20d3b12-6454-4971-acbf-5602e62f4c65 all methods failed
2026-04-02 20:17:31,892 [WARNING] scraper.scrapers.base: [28/34] platform=tiktok video_id=b20d3b12-6454-4971-acbf-5602e62f4c65 url=https://tiktok.com/katyae_596897327 — failed or invalid metric
2026-04-02 20:17:43,401 [INFO] scraper.scrapers.tiktok: tiktok video_id=eb70afb9-df58-4d04-983e-b002c979954b yt-dlp failed, trying HTTP fallback
2026-04-02 20:17:48,592 [WARNING] scraper.scrapers.tiktok: tiktok video_id=eb70afb9-df58-4d04-983e-b002c979954b all methods failed
2026-04-02 20:17:48,593 [WARNING] scraper.scrapers.base: [29/34] platform=tiktok video_id=eb70afb9-df58-4d04-983e-b002c979954b url=https://tiktok.com/filler_Катя_ДДД_1 — failed or invalid metric
2026-04-02 20:18:00,327 [INFO] scraper.scrapers.tiktok: tiktok video_id=abd8b4e2-359f-44bf-8ea0-b752cc9f4829 yt-dlp failed, trying HTTP fallback
2026-04-02 20:18:11,278 [WARNING] scraper.scrapers.tiktok: tiktok video_id=abd8b4e2-359f-44bf-8ea0-b752cc9f4829 all methods failed
2026-04-02 20:18:11,279 [WARNING] scraper.scrapers.base: [30/34] platform=tiktok video_id=abd8b4e2-359f-44bf-8ea0-b752cc9f4829 url=https://tiktok.com/filler_Катя_ДДД_3 — failed or invalid metric
2026-04-02 20:18:35,700 [INFO] scraper.scrapers.tiktok: tiktok video_id=6e10c514-f29c-4b5c-aece-e3f058afb53b yt-dlp failed, trying HTTP fallback
2026-04-02 20:18:46,671 [WARNING] scraper.scrapers.tiktok: tiktok video_id=6e10c514-f29c-4b5c-aece-e3f058afb53b all methods failed
2026-04-02 20:18:46,672 [WARNING] scraper.scrapers.base: [31/34] platform=tiktok video_id=6e10c514-f29c-4b5c-aece-e3f058afb53b url=https://tiktok.com/filler_Катя_ДДД_6 — failed or invalid metric
2026-04-02 20:19:04,479 [INFO] scraper.scrapers.tiktok: tiktok video_id=d7f6ea50-f519-47fa-a92d-59f698fa7cd9 yt-dlp failed, trying HTTP fallback
2026-04-02 20:19:06,431 [WARNING] scraper.scrapers.tiktok: tiktok video_id=d7f6ea50-f519-47fa-a92d-59f698fa7cd9 all methods failed
2026-04-02 20:19:06,432 [WARNING] scraper.scrapers.base: [32/34] platform=tiktok video_id=d7f6ea50-f519-47fa-a92d-59f698fa7cd9 url=https://tiktok.com/filler_Полина_9 — failed or invalid metric
2026-04-02 20:19:21,607 [INFO] scraper.scrapers.tiktok: tiktok video_id=e3eb322d-4100-4ec6-8596-af1d023cfca9 yt-dlp failed, trying HTTP fallback
2026-04-02 20:19:28,719 [WARNING] scraper.scrapers.tiktok: tiktok video_id=e3eb322d-4100-4ec6-8596-af1d023cfca9 all methods failed
2026-04-02 20:19:28,719 [WARNING] scraper.scrapers.base: [33/34] platform=tiktok video_id=e3eb322d-4100-4ec6-8596-af1d023cfca9 url=https://tiktok.com/filler_Катя_ДДД_14 — failed or invalid metric
2026-04-02 20:19:41,547 [INFO] scraper.scrapers.tiktok: tiktok video_id=57db715f-a76c-4c0e-97d7-55a258ca7d90 yt-dlp failed, trying HTTP fallback
2026-04-02 20:19:44,900 [WARNING] scraper.scrapers.tiktok: tiktok video_id=57db715f-a76c-4c0e-97d7-55a258ca7d90 all methods failed
2026-04-02 20:19:44,900 [WARNING] scraper.scrapers.base: [34/34] platform=tiktok video_id=57db715f-a76c-4c0e-97d7-55a258ca7d90 url=https://tiktok.com/filler_Катя_Ежикова_27 — failed or invalid metric
2026-04-02 20:19:44,900 [INFO] scraper.scrapers.base: Finished platform 'tiktok': processed=34, success=0, errors=34
2026-04-02 20:19:44,900 [INFO] contentradar.main: [DRY RUN] Would save 0 metrics for platform 'tiktok'
2026-04-02 20:19:44,900 [INFO] contentradar.main: 
2026-04-02 20:19:44,900 [INFO] contentradar.main: ============================================================
2026-04-02 20:19:44,901 [INFO] contentradar.main: SCRAPING SUMMARY [DRY RUN]
2026-04-02 20:19:44,901 [INFO] contentradar.main: ============================================================
2026-04-02 20:19:44,901 [INFO] contentradar.main: Platform           Total  Success   Errors   Time (s)
2026-04-02 20:19:44,901 [INFO] contentradar.main: ------------------------------------------------------------
2026-04-02 20:19:44,901 [INFO] contentradar.main: tiktok                34        0       34      359.4
2026-04-02 20:19:44,902 [INFO] contentradar.main: ------------------------------------------------------------
2026-04-02 20:19:44,902 [INFO] contentradar.main: TOTAL                 34        0       34      359.4
2026-04-02 20:19:44,902 [INFO] contentradar.main: ============================================================
2026-04-02 20:19:44,902 [INFO] contentradar.main: Scraper finished. Total time: 359.4s
2026-04-04 17:00:38,762 [INFO] contentradar.main: ContentRadar scraper started at 2026-04-04T14:00:38.762630+00:00
2026-04-04 17:00:38,763 [INFO] contentradar.main: Platforms to process: ['tiktok', 'youtube', 'instagram', 'likee', 'pinterest']
2026-04-04 17:00:38,763 [INFO] contentradar.main: === Platform: TIKTOK ===
2026-04-04 17:00:38,882 [INFO] contentradar.main: Found 7 videos for platform 'tiktok'
2026-04-04 17:00:38,882 [INFO] scraper.scrapers.base: Starting scrape for platform 'tiktok': 7 videos
2026-04-04 17:01:06,842 [INFO] scraper.scrapers.base: Finished platform 'tiktok': processed=7, success=7, errors=0
2026-04-04 17:01:06,862 [INFO] scraper.db: Batch saved 7 metrics
2026-04-04 17:01:06,863 [INFO] contentradar.main: === Platform: YOUTUBE ===
2026-04-04 17:01:06,873 [INFO] contentradar.main: Found 4 videos for platform 'youtube'
2026-04-04 17:01:06,873 [INFO] scraper.scrapers.base: Starting scrape for platform 'youtube': 4 videos
2026-04-04 17:01:14,294 [INFO] scraper.scrapers.base: Finished platform 'youtube': processed=4, success=4, errors=0
2026-04-04 17:01:14,307 [ERROR] scraper.db: DB error during batch save: null value in column "shares" of relation "video_metrics" violates not-null constraint
DETAIL:  Failing row contains (ae145f04-25c9-4300-9904-5ae6f6f7bef7, 5fc9dcfc-9578-43af-b3d3-47803a27d6a5, 244, 9, 0, null, null, 2026-04-04 17:01:07.23922+03).

2026-04-04 17:01:14,309 [ERROR] contentradar.main: Failed to save metrics for platform 'youtube': null value in column "shares" of relation "video_metrics" violates not-null constraint
DETAIL:  Failing row contains (ae145f04-25c9-4300-9904-5ae6f6f7bef7, 5fc9dcfc-9578-43af-b3d3-47803a27d6a5, 244, 9, 0, null, null, 2026-04-04 17:01:07.23922+03).

2026-04-04 17:01:14,319 [ERROR] scraper.db: DB error saving metric for video_id=5fc9dcfc-9578-43af-b3d3-47803a27d6a5: null value in column "shares" of relation "video_metrics" violates not-null constraint
DETAIL:  Failing row contains (a5b3346f-7e4e-4bdb-89dd-5098fd0fb14a, 5fc9dcfc-9578-43af-b3d3-47803a27d6a5, 244, 9, 0, null, null, 2026-04-04 17:01:07.23922+03).

2026-04-04 17:01:14,320 [ERROR] contentradar.main: Failed to save single metric video_id=5fc9dcfc-9578-43af-b3d3-47803a27d6a5: null value in column "shares" of relation "video_metrics" violates not-null constraint
DETAIL:  Failing row contains (a5b3346f-7e4e-4bdb-89dd-5098fd0fb14a, 5fc9dcfc-9578-43af-b3d3-47803a27d6a5, 244, 9, 0, null, null, 2026-04-04 17:01:07.23922+03).

2026-04-04 17:01:14,329 [ERROR] scraper.db: DB error saving metric for video_id=1de3da95-9aac-4da1-8cb3-98766503e7ec: null value in column "shares" of relation "video_metrics" violates not-null constraint
DETAIL:  Failing row contains (266df7d0-233b-4ac6-a122-d97f68f8c992, 1de3da95-9aac-4da1-8cb3-98766503e7ec, 2120, 17, 2, null, null, 2026-04-04 17:01:09.573239+03).

2026-04-04 17:01:14,329 [ERROR] contentradar.main: Failed to save single metric video_id=1de3da95-9aac-4da1-8cb3-98766503e7ec: null value in column "shares" of relation "video_metrics" violates not-null constraint
DETAIL:  Failing row contains (266df7d0-233b-4ac6-a122-d97f68f8c992, 1de3da95-9aac-4da1-8cb3-98766503e7ec, 2120, 17, 2, null, null, 2026-04-04 17:01:09.573239+03).

2026-04-04 17:01:14,340 [ERROR] scraper.db: DB error saving metric for video_id=3b3b46af-dcce-48ba-b06f-91e6e791b328: null value in column "shares" of relation "video_metrics" violates not-null constraint
DETAIL:  Failing row contains (087c04f0-29bf-425c-89d7-7c93b0be5580, 3b3b46af-dcce-48ba-b06f-91e6e791b328, 337, 9, 1, null, null, 2026-04-04 17:01:11.971164+03).

2026-04-04 17:01:14,340 [ERROR] contentradar.main: Failed to save single metric video_id=3b3b46af-dcce-48ba-b06f-91e6e791b328: null value in column "shares" of relation "video_metrics" violates not-null constraint
DETAIL:  Failing row contains (087c04f0-29bf-425c-89d7-7c93b0be5580, 3b3b46af-dcce-48ba-b06f-91e6e791b328, 337, 9, 1, null, null, 2026-04-04 17:01:11.971164+03).

2026-04-04 17:01:14,349 [ERROR] scraper.db: DB error saving metric for video_id=4edbc320-10e1-447d-9e5d-9c05ff86080c: null value in column "shares" of relation "video_metrics" violates not-null constraint
DETAIL:  Failing row contains (9f913ff0-41bd-46a2-aa08-c5cf5567d5b6, 4edbc320-10e1-447d-9e5d-9c05ff86080c, 1199, 21, 0, null, null, 2026-04-04 17:01:14.292688+03).

2026-04-04 17:01:14,350 [ERROR] contentradar.main: Failed to save single metric video_id=4edbc320-10e1-447d-9e5d-9c05ff86080c: null value in column "shares" of relation "video_metrics" violates not-null constraint
DETAIL:  Failing row contains (9f913ff0-41bd-46a2-aa08-c5cf5567d5b6, 4edbc320-10e1-447d-9e5d-9c05ff86080c, 1199, 21, 0, null, null, 2026-04-04 17:01:14.292688+03).

2026-04-04 17:01:14,350 [INFO] contentradar.main: === Platform: INSTAGRAM ===
2026-04-04 17:01:14,359 [INFO] contentradar.main: No videos found for platform 'instagram', skipping
2026-04-04 17:01:14,359 [INFO] contentradar.main: === Platform: LIKEE ===
2026-04-04 17:01:14,368 [INFO] contentradar.main: No videos found for platform 'likee', skipping
2026-04-04 17:01:14,368 [INFO] contentradar.main: === Platform: PINTEREST ===
2026-04-04 17:01:14,377 [INFO] contentradar.main: No videos found for platform 'pinterest', skipping
2026-04-04 17:01:14,377 [INFO] contentradar.main: 
2026-04-04 17:01:14,377 [INFO] contentradar.main: ============================================================
2026-04-04 17:01:14,377 [INFO] contentradar.main: SCRAPING SUMMARY
2026-04-04 17:01:14,377 [INFO] contentradar.main: ============================================================
2026-04-04 17:01:14,377 [INFO] contentradar.main: Platform           Total  Success   Errors   Time (s)
2026-04-04 17:01:14,377 [INFO] contentradar.main: ------------------------------------------------------------
2026-04-04 17:01:14,377 [INFO] contentradar.main: tiktok                 7        7        0       28.1
2026-04-04 17:01:14,377 [INFO] contentradar.main: youtube                4        0        0        7.5
2026-04-04 17:01:14,377 [INFO] contentradar.main: instagram              0        0        0        0.0
2026-04-04 17:01:14,377 [INFO] contentradar.main: likee                  0        0        0        0.0
2026-04-04 17:01:14,377 [INFO] contentradar.main: pinterest              0        0        0        0.0
2026-04-04 17:01:14,378 [INFO] contentradar.main: ------------------------------------------------------------
2026-04-04 17:01:14,378 [INFO] contentradar.main: TOTAL                 11        7        0       35.6
2026-04-04 17:01:14,378 [INFO] contentradar.main: ============================================================
2026-04-04 17:01:14,378 [INFO] contentradar.main: Scraper finished. Total time: 35.6s
2026-04-04 17:01:18,308 [INFO] contentradar.main: ContentRadar scraper started at 2026-04-04T14:01:18.308238+00:00
2026-04-04 17:01:18,331 [INFO] contentradar.main: Platforms to process: ['tiktok', 'youtube', 'instagram', 'likee', 'pinterest']
2026-04-04 17:01:18,331 [INFO] contentradar.main: === Platform: TIKTOK ===
2026-04-04 17:01:18,346 [INFO] contentradar.main: Found 7 videos for platform 'tiktok'
2026-04-04 17:01:18,346 [INFO] scraper.scrapers.base: Starting scrape for platform 'tiktok': 7 videos
2026-04-04 17:01:40,877 [INFO] scraper.scrapers.base: Finished platform 'tiktok': processed=7, success=7, errors=0
2026-04-04 17:01:40,894 [INFO] scraper.db: Batch saved 7 metrics
2026-04-04 17:01:40,894 [INFO] contentradar.main: === Platform: YOUTUBE ===
2026-04-04 17:01:40,904 [INFO] contentradar.main: Found 4 videos for platform 'youtube'
2026-04-04 17:01:40,904 [INFO] scraper.scrapers.base: Starting scrape for platform 'youtube': 4 videos
2026-04-04 17:01:48,110 [INFO] scraper.scrapers.base: Finished platform 'youtube': processed=4, success=4, errors=0
2026-04-04 17:01:48,127 [ERROR] scraper.db: DB error during batch save: null value in column "shares" of relation "video_metrics" violates not-null constraint
DETAIL:  Failing row contains (7ddc622b-a74e-4171-8560-9407e863fae9, 5fc9dcfc-9578-43af-b3d3-47803a27d6a5, 244, 9, 0, null, null, 2026-04-04 17:01:41.214028+03).

2026-04-04 17:01:48,128 [ERROR] contentradar.main: Failed to save metrics for platform 'youtube': null value in column "shares" of relation "video_metrics" violates not-null constraint
DETAIL:  Failing row contains (7ddc622b-a74e-4171-8560-9407e863fae9, 5fc9dcfc-9578-43af-b3d3-47803a27d6a5, 244, 9, 0, null, null, 2026-04-04 17:01:41.214028+03).

2026-04-04 17:01:48,141 [ERROR] scraper.db: DB error saving metric for video_id=5fc9dcfc-9578-43af-b3d3-47803a27d6a5: null value in column "shares" of relation "video_metrics" violates not-null constraint
DETAIL:  Failing row contains (eca47cd8-83af-49b4-9736-7582b8c83205, 5fc9dcfc-9578-43af-b3d3-47803a27d6a5, 244, 9, 0, null, null, 2026-04-04 17:01:41.214028+03).

2026-04-04 17:01:48,142 [ERROR] contentradar.main: Failed to save single metric video_id=5fc9dcfc-9578-43af-b3d3-47803a27d6a5: null value in column "shares" of relation "video_metrics" violates not-null constraint
DETAIL:  Failing row contains (eca47cd8-83af-49b4-9736-7582b8c83205, 5fc9dcfc-9578-43af-b3d3-47803a27d6a5, 244, 9, 0, null, null, 2026-04-04 17:01:41.214028+03).

2026-04-04 17:01:48,156 [ERROR] scraper.db: DB error saving metric for video_id=1de3da95-9aac-4da1-8cb3-98766503e7ec: null value in column "shares" of relation "video_metrics" violates not-null constraint
DETAIL:  Failing row contains (5458a0b7-7375-4cce-acf8-f30e86c470e4, 1de3da95-9aac-4da1-8cb3-98766503e7ec, 2120, 17, 2, null, null, 2026-04-04 17:01:43.480457+03).

2026-04-04 17:01:48,156 [ERROR] contentradar.main: Failed to save single metric video_id=1de3da95-9aac-4da1-8cb3-98766503e7ec: null value in column "shares" of relation "video_metrics" violates not-null constraint
DETAIL:  Failing row contains (5458a0b7-7375-4cce-acf8-f30e86c470e4, 1de3da95-9aac-4da1-8cb3-98766503e7ec, 2120, 17, 2, null, null, 2026-04-04 17:01:43.480457+03).

2026-04-04 17:01:48,171 [ERROR] scraper.db: DB error saving metric for video_id=3b3b46af-dcce-48ba-b06f-91e6e791b328: null value in column "shares" of relation "video_metrics" violates not-null constraint
DETAIL:  Failing row contains (0e37cc7d-4e29-411f-b525-01b327dd03f2, 3b3b46af-dcce-48ba-b06f-91e6e791b328, 337, 9, 1, null, null, 2026-04-04 17:01:45.746207+03).

2026-04-04 17:01:48,172 [ERROR] contentradar.main: Failed to save single metric video_id=3b3b46af-dcce-48ba-b06f-91e6e791b328: null value in column "shares" of relation "video_metrics" violates not-null constraint
DETAIL:  Failing row contains (0e37cc7d-4e29-411f-b525-01b327dd03f2, 3b3b46af-dcce-48ba-b06f-91e6e791b328, 337, 9, 1, null, null, 2026-04-04 17:01:45.746207+03).

2026-04-04 17:01:48,188 [ERROR] scraper.db: DB error saving metric for video_id=4edbc320-10e1-447d-9e5d-9c05ff86080c: null value in column "shares" of relation "video_metrics" violates not-null constraint
DETAIL:  Failing row contains (cf2779ae-8208-4ee7-aa42-57d894fe96fa, 4edbc320-10e1-447d-9e5d-9c05ff86080c, 1199, 21, 0, null, null, 2026-04-04 17:01:48.109271+03).

2026-04-04 17:01:48,188 [ERROR] contentradar.main: Failed to save single metric video_id=4edbc320-10e1-447d-9e5d-9c05ff86080c: null value in column "shares" of relation "video_metrics" violates not-null constraint
DETAIL:  Failing row contains (cf2779ae-8208-4ee7-aa42-57d894fe96fa, 4edbc320-10e1-447d-9e5d-9c05ff86080c, 1199, 21, 0, null, null, 2026-04-04 17:01:48.109271+03).

2026-04-04 17:01:48,189 [INFO] contentradar.main: === Platform: INSTAGRAM ===
2026-04-04 17:01:48,205 [INFO] contentradar.main: No videos found for platform 'instagram', skipping
2026-04-04 17:01:48,205 [INFO] contentradar.main: === Platform: LIKEE ===
2026-04-04 17:01:48,219 [INFO] contentradar.main: No videos found for platform 'likee', skipping
2026-04-04 17:01:48,219 [INFO] contentradar.main: === Platform: PINTEREST ===
2026-04-04 17:01:48,234 [INFO] contentradar.main: No videos found for platform 'pinterest', skipping
2026-04-04 17:01:48,234 [INFO] contentradar.main: 
2026-04-04 17:01:48,234 [INFO] contentradar.main: ============================================================
2026-04-04 17:01:48,234 [INFO] contentradar.main: SCRAPING SUMMARY
2026-04-04 17:01:48,234 [INFO] contentradar.main: ============================================================
2026-04-04 17:01:48,234 [INFO] contentradar.main: Platform           Total  Success   Errors   Time (s)
2026-04-04 17:01:48,234 [INFO] contentradar.main: ------------------------------------------------------------
2026-04-04 17:01:48,235 [INFO] contentradar.main: tiktok                 7        7        0       22.6
2026-04-04 17:01:48,235 [INFO] contentradar.main: youtube                4        0        0        7.3
2026-04-04 17:01:48,235 [INFO] contentradar.main: instagram              0        0        0        0.0
2026-04-04 17:01:48,235 [INFO] contentradar.main: likee                  0        0        0        0.0
2026-04-04 17:01:48,235 [INFO] contentradar.main: pinterest              0        0        0        0.0
2026-04-04 17:01:48,235 [INFO] contentradar.main: ------------------------------------------------------------
2026-04-04 17:01:48,235 [INFO] contentradar.main: TOTAL                 11        7        0       29.9
2026-04-04 17:01:48,235 [INFO] contentradar.main: ============================================================
2026-04-04 17:01:48,235 [INFO] contentradar.main: Scraper finished. Total time: 29.9s
2026-04-04 17:02:09,088 [INFO] contentradar.main: ContentRadar scraper started at 2026-04-04T14:02:09.088297+00:00
2026-04-04 17:02:09,088 [INFO] contentradar.main: Platforms to process: ['tiktok', 'youtube', 'instagram', 'likee', 'pinterest']
2026-04-04 17:02:09,088 [INFO] contentradar.main: === Platform: TIKTOK ===
2026-04-04 17:02:09,109 [INFO] contentradar.main: Found 7 videos for platform 'tiktok'
2026-04-04 17:02:09,109 [INFO] scraper.scrapers.base: Starting scrape for platform 'tiktok': 7 videos
2026-04-04 17:02:31,515 [INFO] scraper.scrapers.base: Finished platform 'tiktok': processed=7, success=7, errors=0
2026-04-04 17:02:31,534 [INFO] scraper.db: Batch saved 7 metrics
2026-04-04 17:02:31,534 [INFO] contentradar.main: === Platform: YOUTUBE ===
2026-04-04 17:02:31,545 [INFO] contentradar.main: Found 4 videos for platform 'youtube'
2026-04-04 17:02:31,545 [INFO] scraper.scrapers.base: Starting scrape for platform 'youtube': 4 videos
2026-04-04 17:02:40,025 [INFO] scraper.scrapers.base: Finished platform 'youtube': processed=4, success=4, errors=0
2026-04-04 17:02:40,046 [INFO] scraper.db: Batch saved 4 metrics
2026-04-04 17:02:40,046 [INFO] contentradar.main: === Platform: INSTAGRAM ===
2026-04-04 17:02:40,061 [INFO] contentradar.main: No videos found for platform 'instagram', skipping
2026-04-04 17:02:40,062 [INFO] contentradar.main: === Platform: LIKEE ===
2026-04-04 17:02:40,078 [INFO] contentradar.main: No videos found for platform 'likee', skipping
2026-04-04 17:02:40,079 [INFO] contentradar.main: === Platform: PINTEREST ===
2026-04-04 17:02:40,096 [INFO] contentradar.main: No videos found for platform 'pinterest', skipping
2026-04-04 17:02:40,097 [INFO] contentradar.main: 
2026-04-04 17:02:40,097 [INFO] contentradar.main: ============================================================
2026-04-04 17:02:40,097 [INFO] contentradar.main: SCRAPING SUMMARY
2026-04-04 17:02:40,097 [INFO] contentradar.main: ============================================================
2026-04-04 17:02:40,097 [INFO] contentradar.main: Platform           Total  Success   Errors   Time (s)
2026-04-04 17:02:40,097 [INFO] contentradar.main: ------------------------------------------------------------
2026-04-04 17:02:40,097 [INFO] contentradar.main: tiktok                 7        7        0       22.4
2026-04-04 17:02:40,097 [INFO] contentradar.main: youtube                4        4        0        8.5
2026-04-04 17:02:40,097 [INFO] contentradar.main: instagram              0        0        0        0.0
2026-04-04 17:02:40,098 [INFO] contentradar.main: likee                  0        0        0        0.0
2026-04-04 17:02:40,098 [INFO] contentradar.main: pinterest              0        0        0        0.0
2026-04-04 17:02:40,098 [INFO] contentradar.main: ------------------------------------------------------------
2026-04-04 17:02:40,098 [INFO] contentradar.main: TOTAL                 11       11        0       31.0
2026-04-04 17:02:40,098 [INFO] contentradar.main: ============================================================
2026-04-04 17:02:40,098 [INFO] contentradar.main: Scraper finished. Total time: 31.0s
